C51 COMPILER V9.54   MAIN                                                                  07/19/2023 14:02:34 PAGE 1   


C51 COMPILER V9.54, COMPILATION OF MODULE MAIN
OBJECT MODULE PLACED IN .\Objects\main.obj
COMPILER INVOKED BY: D:\software\computing\UV4\C51\BIN\C51.EXE main.c OPTIMIZE(8,SPEED) BROWSE DEBUG OBJECTEXTEND PRINT(
                    -.\Listings\main.lst) TABS(2) OBJECT(.\Objects\main.obj)

line level    source

   1          #include <REGX52.H>
   2          #include <INTRINS.H>
   3          void Delay1ms(unsigned int xms)   //@12.000MHz
   4          {
   5   1        unsigned char i, j;
   6   1        while(xms--)
   7   1        {
   8   2          i = 2;
   9   2          j = 239;
  10   2          do
  11   2          {
  12   3            while (--j);
  13   3          } while (--i);
  14   2        }
  15   1      }
  16          void main()
  17          {
  18   1        unsigned char LEDNum=0;
  19   1        P2=~0x01;
  20   1        while(1)
  21   1        {
  22   2          
  23   2          if(P3_1==0)
  24   2          {
  25   3            Delay1ms(20);
  26   3            while(P3_1==0);
  27   3            Delay1ms(20);
  28   3            LEDNum++;
  29   3            if(LEDNum>=8)
  30   3              LEDNum=0;
  31   3            P2=~(0x01<<LEDNum);
  32   3            
  33   3          }
  34   2          if(P3_0==0)
  35   2          {
  36   3            Delay1ms(20);
  37   3            while(P3_0==0);
  38   3            Delay1ms(20);
  39   3            if(LEDNum==0)
  40   3              LEDNum=7;
  41   3            else
  42   3              LEDNum--;
  43   3            P2=~(0x01<<LEDNum);
  44   3          }
  45   2        }
  46   1      }


MODULE INFORMATION:   STATIC OVERLAYABLE
   CODE SIZE        =    101    ----
   CONSTANT SIZE    =   ----    ----
   XDATA SIZE       =   ----    ----
   PDATA SIZE       =   ----    ----
   DATA SIZE        =   ----    ----
C51 COMPILER V9.54   MAIN                                                                  07/19/2023 14:02:34 PAGE 2   

   IDATA SIZE       =   ----    ----
   BIT SIZE         =   ----    ----
END OF MODULE INFORMATION.


C51 COMPILATION COMPLETE.  0 WARNING(S),  0 ERROR(S)
